<feed xmlns="http://www.w3.org/2005/Atom" xml:lang="en">
<title>xkcd.com</title>
<link href="https://xkcd.com/" rel="alternate"/>
<id>https://xkcd.com/</id>
<updated>2021-11-03T00:00:00Z</updated>
<entry>
<title>Painbow Award</title>
<link href="https://xkcd.com/2537/" rel="alternate"/>
<updated>2021-11-03T00:00:00Z</updated>
<id>https://xkcd.com/2537/</id>
<summary type="html"><img src="https://imgs.xkcd.com/comics/painbow_award.png" title="This year, our team took home the dark blue ribbon, better than the midnight blue we got last year but still short of the winning navy blue." alt="This year, our team took home the dark blue ribbon, better than the midnight blue we got last year but still short of the winning navy blue." /></summary>
</entry>
<entry>
<title>Wirecutter</title>
<link href="https://xkcd.com/2536/" rel="alternate"/>
<updated>2021-11-01T00:00:00Z</updated>
<id>https://xkcd.com/2536/</id>
<summary type="html"><img src="https://imgs.xkcd.com/comics/wirecutter.png" title="This was always going to be a controversial Wirecutter post, but what really got them in trouble were their 'budget' and 'upgrade' picks." alt="This was always going to be a controversial Wirecutter post, but what really got them in trouble were their 'budget' and 'upgrade' picks." /></summary>
</entry>
<entry>
<title>Common Cold Viruses</title>
<link href="https://xkcd.com/2535/" rel="alternate"/>
<updated>2021-10-29T00:00:00Z</updated>
<id>https://xkcd.com/2535/</id>
<summary type="html"><img src="https://imgs.xkcd.com/comics/common_cold_viruses.png" title="&quot;It's not an influenza, but the onset has notes of the '09 H1N1 strain.&quot; &quot;Ah yes, that was a good year for H1N1.&quot;" alt="&quot;It's not an influenza, but the onset has notes of the '09 H1N1 strain.&quot; &quot;Ah yes, that was a good year for H1N1.&quot;" /></summary>
</entry>
<entry>
<title>Retractable Rocket</title>
<link href="https://xkcd.com/2534/" rel="alternate"/>
<updated>2021-10-27T00:00:00Z</updated>
<id>https://xkcd.com/2534/</id>
<summary type="html"><img src="https://imgs.xkcd.com/comics/retractable_rocket.png" title="Hard to believe that for so many years once they were fully extended we just let them tip over." alt="Hard to believe that for so many years once they were fully extended we just let them tip over." /></summary>
</entry>
</feed>